Archive member included to satisfy reference by file (symbol)

/home/dmarples/bin/gcc-arm-none-eabi-10.3-2021.10/bin/../lib/gcc/arm-none-eabi/10.3.1/../../../../arm-none-eabi/lib/thumb/v7e-m+fp/hard/libc.a(lib_a-exit.o)
                              /home/dmarples/bin/gcc-arm-none-eabi-10.3-2021.10/bin/../lib/gcc/arm-none-eabi/10.3.1/../../../../arm-none-eabi/lib/thumb/v7e-m+fp/hard/crt0.o (exit)
/home/dmarples/bin/gcc-arm-none-eabi-10.3-2021.10/bin/../lib/gcc/arm-none-eabi/10.3.1/../../../../arm-none-eabi/lib/thumb/v7e-m+fp/hard/libc.a(lib_a-impure.o)
                              /home/dmarples/bin/gcc-arm-none-eabi-10.3-2021.10/bin/../lib/gcc/arm-none-eabi/10.3.1/../../../../arm-none-eabi/lib/thumb/v7e-m+fp/hard/libc.a(lib_a-exit.o) (_global_impure_ptr)
/home/dmarples/bin/gcc-arm-none-eabi-10.3-2021.10/bin/../lib/gcc/arm-none-eabi/10.3.1/../../../../arm-none-eabi/lib/thumb/v7e-m+fp/hard/libc.a(lib_a-init.o)
                              /home/dmarples/bin/gcc-arm-none-eabi-10.3-2021.10/bin/../lib/gcc/arm-none-eabi/10.3.1/../../../../arm-none-eabi/lib/thumb/v7e-m+fp/hard/crt0.o (__libc_init_array)
/home/dmarples/bin/gcc-arm-none-eabi-10.3-2021.10/bin/../lib/gcc/arm-none-eabi/10.3.1/../../../../arm-none-eabi/lib/thumb/v7e-m+fp/hard/libc.a(lib_a-memset.o)
                              /home/dmarples/bin/gcc-arm-none-eabi-10.3-2021.10/bin/../lib/gcc/arm-none-eabi/10.3.1/../../../../arm-none-eabi/lib/thumb/v7e-m+fp/hard/crt0.o (memset)
/home/dmarples/bin/gcc-arm-none-eabi-10.3-2021.10/bin/../lib/gcc/arm-none-eabi/10.3.1/../../../../arm-none-eabi/lib/thumb/v7e-m+fp/hard/libc.a(lib_a-__call_atexit.o)
                              /home/dmarples/bin/gcc-arm-none-eabi-10.3-2021.10/bin/../lib/gcc/arm-none-eabi/10.3.1/../../../../arm-none-eabi/lib/thumb/v7e-m+fp/hard/libc.a(lib_a-exit.o) (__call_exitprocs)
/home/dmarples/bin/gcc-arm-none-eabi-10.3-2021.10/bin/../lib/gcc/arm-none-eabi/10.3.1/../../../../arm-none-eabi/lib/thumb/v7e-m+fp/hard/libc.a(lib_a-atexit.o)
                              /home/dmarples/bin/gcc-arm-none-eabi-10.3-2021.10/bin/../lib/gcc/arm-none-eabi/10.3.1/../../../../arm-none-eabi/lib/thumb/v7e-m+fp/hard/libc.a(lib_a-__call_atexit.o) (atexit)
/home/dmarples/bin/gcc-arm-none-eabi-10.3-2021.10/bin/../lib/gcc/arm-none-eabi/10.3.1/../../../../arm-none-eabi/lib/thumb/v7e-m+fp/hard/libc.a(lib_a-fini.o)
                              /home/dmarples/bin/gcc-arm-none-eabi-10.3-2021.10/bin/../lib/gcc/arm-none-eabi/10.3.1/../../../../arm-none-eabi/lib/thumb/v7e-m+fp/hard/libc.a(lib_a-__call_atexit.o) (__libc_fini_array)
/home/dmarples/bin/gcc-arm-none-eabi-10.3-2021.10/bin/../lib/gcc/arm-none-eabi/10.3.1/../../../../arm-none-eabi/lib/thumb/v7e-m+fp/hard/libc.a(lib_a-lock.o)
                              /home/dmarples/bin/gcc-arm-none-eabi-10.3-2021.10/bin/../lib/gcc/arm-none-eabi/10.3.1/../../../../arm-none-eabi/lib/thumb/v7e-m+fp/hard/libc.a(lib_a-__call_atexit.o) (__retarget_lock_acquire_recursive)
/home/dmarples/bin/gcc-arm-none-eabi-10.3-2021.10/bin/../lib/gcc/arm-none-eabi/10.3.1/../../../../arm-none-eabi/lib/thumb/v7e-m+fp/hard/libc.a(lib_a-__atexit.o)
                              /home/dmarples/bin/gcc-arm-none-eabi-10.3-2021.10/bin/../lib/gcc/arm-none-eabi/10.3.1/../../../../arm-none-eabi/lib/thumb/v7e-m+fp/hard/libc.a(lib_a-atexit.o) (__register_exitproc)
/home/dmarples/bin/gcc-arm-none-eabi-10.3-2021.10/bin/../lib/gcc/arm-none-eabi/10.3.1/../../../../arm-none-eabi/lib/thumb/v7e-m+fp/hard/libnosys.a(_exit.o)
                              /home/dmarples/bin/gcc-arm-none-eabi-10.3-2021.10/bin/../lib/gcc/arm-none-eabi/10.3.1/../../../../arm-none-eabi/lib/thumb/v7e-m+fp/hard/libc.a(lib_a-exit.o) (_exit)

Discarded input sections

 .text          0x0000000000000000        0x0 /home/dmarples/bin/gcc-arm-none-eabi-10.3-2021.10/bin/../lib/gcc/arm-none-eabi/10.3.1/thumb/v7e-m+fp/hard/crti.o
 .data          0x0000000000000000        0x0 /home/dmarples/bin/gcc-arm-none-eabi-10.3-2021.10/bin/../lib/gcc/arm-none-eabi/10.3.1/thumb/v7e-m+fp/hard/crti.o
 .bss           0x0000000000000000        0x0 /home/dmarples/bin/gcc-arm-none-eabi-10.3-2021.10/bin/../lib/gcc/arm-none-eabi/10.3.1/thumb/v7e-m+fp/hard/crti.o
 .data          0x0000000000000000        0x4 /home/dmarples/bin/gcc-arm-none-eabi-10.3-2021.10/bin/../lib/gcc/arm-none-eabi/10.3.1/thumb/v7e-m+fp/hard/crtbegin.o
 .rodata        0x0000000000000000       0x24 /home/dmarples/bin/gcc-arm-none-eabi-10.3-2021.10/bin/../lib/gcc/arm-none-eabi/10.3.1/thumb/v7e-m+fp/hard/crtbegin.o
 .data          0x0000000000000000        0x0 /home/dmarples/bin/gcc-arm-none-eabi-10.3-2021.10/bin/../lib/gcc/arm-none-eabi/10.3.1/../../../../arm-none-eabi/lib/thumb/v7e-m+fp/hard/crt0.o
 .bss           0x0000000000000000        0x0 /home/dmarples/bin/gcc-arm-none-eabi-10.3-2021.10/bin/../lib/gcc/arm-none-eabi/10.3.1/../../../../arm-none-eabi/lib/thumb/v7e-m+fp/hard/crt0.o
 .ARM.extab     0x0000000000000000        0x0 /home/dmarples/bin/gcc-arm-none-eabi-10.3-2021.10/bin/../lib/gcc/arm-none-eabi/10.3.1/../../../../arm-none-eabi/lib/thumb/v7e-m+fp/hard/crt0.o
 .group         0x0000000000000000        0xc ofiles/./src/itm_messages.o
 .group         0x0000000000000000        0xc ofiles/./src/itm_messages.o
 .group         0x0000000000000000        0xc ofiles/./src/itm_messages.o
 .text          0x0000000000000000        0x0 ofiles/./src/itm_messages.o
 .data          0x0000000000000000        0x0 ofiles/./src/itm_messages.o
 .bss           0x0000000000000000        0x0 ofiles/./src/itm_messages.o
 .text.ITM_Disable
                0x0000000000000000       0x12 ofiles/./src/itm_messages.o
 .text.ITM_ChannelDisable
                0x0000000000000000       0x16 ofiles/./src/itm_messages.o
 .text.ITM_Send32
                0x0000000000000000       0x42 ofiles/./src/itm_messages.o
 .text.ITM_Send16
                0x0000000000000000       0x42 ofiles/./src/itm_messages.o
 .group         0x0000000000000000        0xc ofiles/./src/main.o
 .group         0x0000000000000000        0xc ofiles/./src/main.o
 .group         0x0000000000000000        0xc ofiles/./src/main.o
 .group         0x0000000000000000        0xc ofiles/./src/main.o
 .group         0x0000000000000000        0xc ofiles/./src/main.o
 .group         0x0000000000000000        0xc ofiles/./src/main.o
 .group         0x0000000000000000        0xc ofiles/./src/main.o
 .group         0x0000000000000000        0xc ofiles/./src/main.o
 .group         0x0000000000000000        0xc ofiles/./src/main.o
 .group         0x0000000000000000        0xc ofiles/./src/main.o
 .group         0x0000000000000000        0xc ofiles/./src/main.o
 .group         0x0000000000000000        0xc ofiles/./src/main.o
 .group         0x0000000000000000        0xc ofiles/./src/main.o
 .group         0x0000000000000000        0xc ofiles/./src/main.o
 .group         0x0000000000000000        0xc ofiles/./src/main.o
 .group         0x0000000000000000        0xc ofiles/./src/main.o
 .group         0x0000000000000000        0xc ofiles/./src/main.o
 .group         0x0000000000000000        0xc ofiles/./src/main.o
 .group         0x0000000000000000        0xc ofiles/./src/main.o
 .group         0x0000000000000000        0xc ofiles/./src/main.o
 .group         0x0000000000000000        0xc ofiles/./src/main.o
 .group         0x0000000000000000        0xc ofiles/./src/main.o
 .group         0x0000000000000000        0xc ofiles/./src/main.o
 .group         0x0000000000000000        0xc ofiles/./src/main.o
 .group         0x0000000000000000        0xc ofiles/./src/main.o
 .group         0x0000000000000000        0xc ofiles/./src/main.o
 .group         0x0000000000000000        0xc ofiles/./src/main.o
 .group         0x0000000000000000        0xc ofiles/./src/main.o
 .group         0x0000000000000000        0xc ofiles/./src/main.o
 .group         0x0000000000000000        0xc ofiles/./src/main.o
 .group         0x0000000000000000        0xc ofiles/./src/main.o
 .group         0x0000000000000000        0xc ofiles/./src/main.o
 .group         0x0000000000000000        0xc ofiles/./src/main.o
 .group         0x0000000000000000        0xc ofiles/./src/main.o
 .group         0x0000000000000000        0xc ofiles/./src/main.o
 .group         0x0000000000000000        0xc ofiles/./src/main.o
 .group         0x0000000000000000        0xc ofiles/./src/main.o
 .group         0x0000000000000000        0xc ofiles/./src/main.o
 .text          0x0000000000000000        0x0 ofiles/./src/main.o
 .data          0x0000000000000000        0x0 ofiles/./src/main.o
 .bss           0x0000000000000000        0x0 ofiles/./src/main.o
 .debug_macro   0x0000000000000000      0xa72 ofiles/./src/main.o
 .debug_macro   0x0000000000000000       0x22 ofiles/./src/main.o
 .debug_macro   0x0000000000000000      0x34e ofiles/./src/main.o
 .data          0x0000000000000000        0x0 ofiles/system/startup_ARMCM4.o
 .bss           0x0000000000000000        0x0 ofiles/system/startup_ARMCM4.o
 .text          0x0000000000000000        0x0 /home/dmarples/bin/gcc-arm-none-eabi-10.3-2021.10/bin/../lib/gcc/arm-none-eabi/10.3.1/../../../../arm-none-eabi/lib/thumb/v7e-m+fp/hard/libc.a(lib_a-exit.o)
 .data          0x0000000000000000        0x0 /home/dmarples/bin/gcc-arm-none-eabi-10.3-2021.10/bin/../lib/gcc/arm-none-eabi/10.3.1/../../../../arm-none-eabi/lib/thumb/v7e-m+fp/hard/libc.a(lib_a-exit.o)
 .bss           0x0000000000000000        0x0 /home/dmarples/bin/gcc-arm-none-eabi-10.3-2021.10/bin/../lib/gcc/arm-none-eabi/10.3.1/../../../../arm-none-eabi/lib/thumb/v7e-m+fp/hard/libc.a(lib_a-exit.o)
 .text          0x0000000000000000        0x0 /home/dmarples/bin/gcc-arm-none-eabi-10.3-2021.10/bin/../lib/gcc/arm-none-eabi/10.3.1/../../../../arm-none-eabi/lib/thumb/v7e-m+fp/hard/libc.a(lib_a-impure.o)
 .data          0x0000000000000000        0x0 /home/dmarples/bin/gcc-arm-none-eabi-10.3-2021.10/bin/../lib/gcc/arm-none-eabi/10.3.1/../../../../arm-none-eabi/lib/thumb/v7e-m+fp/hard/libc.a(lib_a-impure.o)
 .bss           0x0000000000000000        0x0 /home/dmarples/bin/gcc-arm-none-eabi-10.3-2021.10/bin/../lib/gcc/arm-none-eabi/10.3.1/../../../../arm-none-eabi/lib/thumb/v7e-m+fp/hard/libc.a(lib_a-impure.o)
 .data._impure_ptr
                0x0000000000000000        0x4 /home/dmarples/bin/gcc-arm-none-eabi-10.3-2021.10/bin/../lib/gcc/arm-none-eabi/10.3.1/../../../../arm-none-eabi/lib/thumb/v7e-m+fp/hard/libc.a(lib_a-impure.o)
 .text          0x0000000000000000        0x0 /home/dmarples/bin/gcc-arm-none-eabi-10.3-2021.10/bin/../lib/gcc/arm-none-eabi/10.3.1/../../../../arm-none-eabi/lib/thumb/v7e-m+fp/hard/libc.a(lib_a-init.o)
 .data          0x0000000000000000        0x0 /home/dmarples/bin/gcc-arm-none-eabi-10.3-2021.10/bin/../lib/gcc/arm-none-eabi/10.3.1/../../../../arm-none-eabi/lib/thumb/v7e-m+fp/hard/libc.a(lib_a-init.o)
 .bss           0x0000000000000000        0x0 /home/dmarples/bin/gcc-arm-none-eabi-10.3-2021.10/bin/../lib/gcc/arm-none-eabi/10.3.1/../../../../arm-none-eabi/lib/thumb/v7e-m+fp/hard/libc.a(lib_a-init.o)
 .text          0x0000000000000000        0x0 /home/dmarples/bin/gcc-arm-none-eabi-10.3-2021.10/bin/../lib/gcc/arm-none-eabi/10.3.1/../../../../arm-none-eabi/lib/thumb/v7e-m+fp/hard/libc.a(lib_a-memset.o)
 .data          0x0000000000000000        0x0 /home/dmarples/bin/gcc-arm-none-eabi-10.3-2021.10/bin/../lib/gcc/arm-none-eabi/10.3.1/../../../../arm-none-eabi/lib/thumb/v7e-m+fp/hard/libc.a(lib_a-memset.o)
 .bss           0x0000000000000000        0x0 /home/dmarples/bin/gcc-arm-none-eabi-10.3-2021.10/bin/../lib/gcc/arm-none-eabi/10.3.1/../../../../arm-none-eabi/lib/thumb/v7e-m+fp/hard/libc.a(lib_a-memset.o)
 .text          0x0000000000000000        0x0 /home/dmarples/bin/gcc-arm-none-eabi-10.3-2021.10/bin/../lib/gcc/arm-none-eabi/10.3.1/../../../../arm-none-eabi/lib/thumb/v7e-m+fp/hard/libc.a(lib_a-__call_atexit.o)
 .data          0x0000000000000000        0x0 /home/dmarples/bin/gcc-arm-none-eabi-10.3-2021.10/bin/../lib/gcc/arm-none-eabi/10.3.1/../../../../arm-none-eabi/lib/thumb/v7e-m+fp/hard/libc.a(lib_a-__call_atexit.o)
 .bss           0x0000000000000000        0x0 /home/dmarples/bin/gcc-arm-none-eabi-10.3-2021.10/bin/../lib/gcc/arm-none-eabi/10.3.1/../../../../arm-none-eabi/lib/thumb/v7e-m+fp/hard/libc.a(lib_a-__call_atexit.o)
 .text          0x0000000000000000        0x0 /home/dmarples/bin/gcc-arm-none-eabi-10.3-2021.10/bin/../lib/gcc/arm-none-eabi/10.3.1/../../../../arm-none-eabi/lib/thumb/v7e-m+fp/hard/libc.a(lib_a-atexit.o)
 .data          0x0000000000000000        0x0 /home/dmarples/bin/gcc-arm-none-eabi-10.3-2021.10/bin/../lib/gcc/arm-none-eabi/10.3.1/../../../../arm-none-eabi/lib/thumb/v7e-m+fp/hard/libc.a(lib_a-atexit.o)
 .bss           0x0000000000000000        0x0 /home/dmarples/bin/gcc-arm-none-eabi-10.3-2021.10/bin/../lib/gcc/arm-none-eabi/10.3.1/../../../../arm-none-eabi/lib/thumb/v7e-m+fp/hard/libc.a(lib_a-atexit.o)
 .text          0x0000000000000000        0x0 /home/dmarples/bin/gcc-arm-none-eabi-10.3-2021.10/bin/../lib/gcc/arm-none-eabi/10.3.1/../../../../arm-none-eabi/lib/thumb/v7e-m+fp/hard/libc.a(lib_a-fini.o)
 .data          0x0000000000000000        0x0 /home/dmarples/bin/gcc-arm-none-eabi-10.3-2021.10/bin/../lib/gcc/arm-none-eabi/10.3.1/../../../../arm-none-eabi/lib/thumb/v7e-m+fp/hard/libc.a(lib_a-fini.o)
 .bss           0x0000000000000000        0x0 /home/dmarples/bin/gcc-arm-none-eabi-10.3-2021.10/bin/../lib/gcc/arm-none-eabi/10.3.1/../../../../arm-none-eabi/lib/thumb/v7e-m+fp/hard/libc.a(lib_a-fini.o)
 .text          0x0000000000000000        0x0 /home/dmarples/bin/gcc-arm-none-eabi-10.3-2021.10/bin/../lib/gcc/arm-none-eabi/10.3.1/../../../../arm-none-eabi/lib/thumb/v7e-m+fp/hard/libc.a(lib_a-lock.o)
 .data          0x0000000000000000        0x0 /home/dmarples/bin/gcc-arm-none-eabi-10.3-2021.10/bin/../lib/gcc/arm-none-eabi/10.3.1/../../../../arm-none-eabi/lib/thumb/v7e-m+fp/hard/libc.a(lib_a-lock.o)
 .bss           0x0000000000000000        0x0 /home/dmarples/bin/gcc-arm-none-eabi-10.3-2021.10/bin/../lib/gcc/arm-none-eabi/10.3.1/../../../../arm-none-eabi/lib/thumb/v7e-m+fp/hard/libc.a(lib_a-lock.o)
 .text.__retarget_lock_init
                0x0000000000000000        0x4 /home/dmarples/bin/gcc-arm-none-eabi-10.3-2021.10/bin/../lib/gcc/arm-none-eabi/10.3.1/../../../../arm-none-eabi/lib/thumb/v7e-m+fp/hard/libc.a(lib_a-lock.o)
 .text.__retarget_lock_init_recursive
                0x0000000000000000        0x4 /home/dmarples/bin/gcc-arm-none-eabi-10.3-2021.10/bin/../lib/gcc/arm-none-eabi/10.3.1/../../../../arm-none-eabi/lib/thumb/v7e-m+fp/hard/libc.a(lib_a-lock.o)
 .text.__retarget_lock_close
                0x0000000000000000        0x4 /home/dmarples/bin/gcc-arm-none-eabi-10.3-2021.10/bin/../lib/gcc/arm-none-eabi/10.3.1/../../../../arm-none-eabi/lib/thumb/v7e-m+fp/hard/libc.a(lib_a-lock.o)
 .text.__retarget_lock_close_recursive
                0x0000000000000000        0x4 /home/dmarples/bin/gcc-arm-none-eabi-10.3-2021.10/bin/../lib/gcc/arm-none-eabi/10.3.1/../../../../arm-none-eabi/lib/thumb/v7e-m+fp/hard/libc.a(lib_a-lock.o)
 .text.__retarget_lock_acquire
                0x0000000000000000        0x4 /home/dmarples/bin/gcc-arm-none-eabi-10.3-2021.10/bin/../lib/gcc/arm-none-eabi/10.3.1/../../../../arm-none-eabi/lib/thumb/v7e-m+fp/hard/libc.a(lib_a-lock.o)
 .text.__retarget_lock_try_acquire
                0x0000000000000000        0x4 /home/dmarples/bin/gcc-arm-none-eabi-10.3-2021.10/bin/../lib/gcc/arm-none-eabi/10.3.1/../../../../arm-none-eabi/lib/thumb/v7e-m+fp/hard/libc.a(lib_a-lock.o)
 .text.__retarget_lock_try_acquire_recursive
                0x0000000000000000        0x4 /home/dmarples/bin/gcc-arm-none-eabi-10.3-2021.10/bin/../lib/gcc/arm-none-eabi/10.3.1/../../../../arm-none-eabi/lib/thumb/v7e-m+fp/hard/libc.a(lib_a-lock.o)
 .text.__retarget_lock_release
                0x0000000000000000        0x4 /home/dmarples/bin/gcc-arm-none-eabi-10.3-2021.10/bin/../lib/gcc/arm-none-eabi/10.3.1/../../../../arm-none-eabi/lib/thumb/v7e-m+fp/hard/libc.a(lib_a-lock.o)
 .bss.__lock___arc4random_mutex
                0x0000000000000000        0x1 /home/dmarples/bin/gcc-arm-none-eabi-10.3-2021.10/bin/../lib/gcc/arm-none-eabi/10.3.1/../../../../arm-none-eabi/lib/thumb/v7e-m+fp/hard/libc.a(lib_a-lock.o)
 .bss.__lock___at_quick_exit_mutex
                0x0000000000000000        0x1 /home/dmarples/bin/gcc-arm-none-eabi-10.3-2021.10/bin/../lib/gcc/arm-none-eabi/10.3.1/../../../../arm-none-eabi/lib/thumb/v7e-m+fp/hard/libc.a(lib_a-lock.o)
 .bss.__lock___dd_hash_mutex
                0x0000000000000000        0x1 /home/dmarples/bin/gcc-arm-none-eabi-10.3-2021.10/bin/../lib/gcc/arm-none-eabi/10.3.1/../../../../arm-none-eabi/lib/thumb/v7e-m+fp/hard/libc.a(lib_a-lock.o)
 .bss.__lock___env_recursive_mutex
                0x0000000000000000        0x1 /home/dmarples/bin/gcc-arm-none-eabi-10.3-2021.10/bin/../lib/gcc/arm-none-eabi/10.3.1/../../../../arm-none-eabi/lib/thumb/v7e-m+fp/hard/libc.a(lib_a-lock.o)
 .bss.__lock___malloc_recursive_mutex
                0x0000000000000000        0x1 /home/dmarples/bin/gcc-arm-none-eabi-10.3-2021.10/bin/../lib/gcc/arm-none-eabi/10.3.1/../../../../arm-none-eabi/lib/thumb/v7e-m+fp/hard/libc.a(lib_a-lock.o)
 .bss.__lock___sfp_recursive_mutex
                0x0000000000000000        0x1 /home/dmarples/bin/gcc-arm-none-eabi-10.3-2021.10/bin/../lib/gcc/arm-none-eabi/10.3.1/../../../../arm-none-eabi/lib/thumb/v7e-m+fp/hard/libc.a(lib_a-lock.o)
 .bss.__lock___sinit_recursive_mutex
                0x0000000000000000        0x1 /home/dmarples/bin/gcc-arm-none-eabi-10.3-2021.10/bin/../lib/gcc/arm-none-eabi/10.3.1/../../../../arm-none-eabi/lib/thumb/v7e-m+fp/hard/libc.a(lib_a-lock.o)
 .bss.__lock___tz_mutex
                0x0000000000000000        0x1 /home/dmarples/bin/gcc-arm-none-eabi-10.3-2021.10/bin/../lib/gcc/arm-none-eabi/10.3.1/../../../../arm-none-eabi/lib/thumb/v7e-m+fp/hard/libc.a(lib_a-lock.o)
 .text          0x0000000000000000        0x0 /home/dmarples/bin/gcc-arm-none-eabi-10.3-2021.10/bin/../lib/gcc/arm-none-eabi/10.3.1/../../../../arm-none-eabi/lib/thumb/v7e-m+fp/hard/libc.a(lib_a-__atexit.o)
 .data          0x0000000000000000        0x0 /home/dmarples/bin/gcc-arm-none-eabi-10.3-2021.10/bin/../lib/gcc/arm-none-eabi/10.3.1/../../../../arm-none-eabi/lib/thumb/v7e-m+fp/hard/libc.a(lib_a-__atexit.o)
 .bss           0x0000000000000000        0x0 /home/dmarples/bin/gcc-arm-none-eabi-10.3-2021.10/bin/../lib/gcc/arm-none-eabi/10.3.1/../../../../arm-none-eabi/lib/thumb/v7e-m+fp/hard/libc.a(lib_a-__atexit.o)
 .text          0x0000000000000000        0x0 /home/dmarples/bin/gcc-arm-none-eabi-10.3-2021.10/bin/../lib/gcc/arm-none-eabi/10.3.1/../../../../arm-none-eabi/lib/thumb/v7e-m+fp/hard/libnosys.a(_exit.o)
 .data          0x0000000000000000        0x0 /home/dmarples/bin/gcc-arm-none-eabi-10.3-2021.10/bin/../lib/gcc/arm-none-eabi/10.3.1/../../../../arm-none-eabi/lib/thumb/v7e-m+fp/hard/libnosys.a(_exit.o)
 .bss           0x0000000000000000        0x0 /home/dmarples/bin/gcc-arm-none-eabi-10.3-2021.10/bin/../lib/gcc/arm-none-eabi/10.3.1/../../../../arm-none-eabi/lib/thumb/v7e-m+fp/hard/libnosys.a(_exit.o)
 .text          0x0000000000000000        0x0 /home/dmarples/bin/gcc-arm-none-eabi-10.3-2021.10/bin/../lib/gcc/arm-none-eabi/10.3.1/thumb/v7e-m+fp/hard/crtend.o
 .data          0x0000000000000000        0x0 /home/dmarples/bin/gcc-arm-none-eabi-10.3-2021.10/bin/../lib/gcc/arm-none-eabi/10.3.1/thumb/v7e-m+fp/hard/crtend.o
 .bss           0x0000000000000000        0x0 /home/dmarples/bin/gcc-arm-none-eabi-10.3-2021.10/bin/../lib/gcc/arm-none-eabi/10.3.1/thumb/v7e-m+fp/hard/crtend.o
 .rodata        0x0000000000000000       0x24 /home/dmarples/bin/gcc-arm-none-eabi-10.3-2021.10/bin/../lib/gcc/arm-none-eabi/10.3.1/thumb/v7e-m+fp/hard/crtend.o
 .text          0x0000000000000000        0x0 /home/dmarples/bin/gcc-arm-none-eabi-10.3-2021.10/bin/../lib/gcc/arm-none-eabi/10.3.1/thumb/v7e-m+fp/hard/crtn.o
 .data          0x0000000000000000        0x0 /home/dmarples/bin/gcc-arm-none-eabi-10.3-2021.10/bin/../lib/gcc/arm-none-eabi/10.3.1/thumb/v7e-m+fp/hard/crtn.o
 .bss           0x0000000000000000        0x0 /home/dmarples/bin/gcc-arm-none-eabi-10.3-2021.10/bin/../lib/gcc/arm-none-eabi/10.3.1/thumb/v7e-m+fp/hard/crtn.o

Memory Configuration

Name             Origin             Length             Attributes
RAM              0x0000000020000000 0x0000000000020000 xrw
FLASH            0x0000000008000000 0x0000000000020000 xr
*default*        0x0000000000000000 0xffffffffffffffff

Linker script and memory map

LOAD /home/dmarples/bin/gcc-arm-none-eabi-10.3-2021.10/bin/../lib/gcc/arm-none-eabi/10.3.1/thumb/v7e-m+fp/hard/crti.o
LOAD /home/dmarples/bin/gcc-arm-none-eabi-10.3-2021.10/bin/../lib/gcc/arm-none-eabi/10.3.1/thumb/v7e-m+fp/hard/crtbegin.o
LOAD /home/dmarples/bin/gcc-arm-none-eabi-10.3-2021.10/bin/../lib/gcc/arm-none-eabi/10.3.1/../../../../arm-none-eabi/lib/thumb/v7e-m+fp/hard/crt0.o
LOAD ofiles/./src/itm_messages.o
LOAD ofiles/./src/main.o
LOAD ofiles/system/startup_ARMCM4.o
LOAD /home/dmarples/bin/gcc-arm-none-eabi-10.3-2021.10/bin/../lib/gcc/arm-none-eabi/10.3.1/thumb/v7e-m+fp/hard/libgcc.a
LOAD /home/dmarples/bin/gcc-arm-none-eabi-10.3-2021.10/bin/../lib/gcc/arm-none-eabi/10.3.1/../../../../arm-none-eabi/lib/thumb/v7e-m+fp/hard/libc.a
LOAD /home/dmarples/bin/gcc-arm-none-eabi-10.3-2021.10/bin/../lib/gcc/arm-none-eabi/10.3.1/../../../../arm-none-eabi/lib/thumb/v7e-m+fp/hard/libnosys.a
LOAD /home/dmarples/bin/gcc-arm-none-eabi-10.3-2021.10/bin/../lib/gcc/arm-none-eabi/10.3.1/../../../../arm-none-eabi/lib/thumb/v7e-m+fp/hard/libm.a
START GROUP
LOAD /home/dmarples/bin/gcc-arm-none-eabi-10.3-2021.10/bin/../lib/gcc/arm-none-eabi/10.3.1/thumb/v7e-m+fp/hard/libgcc.a
LOAD /home/dmarples/bin/gcc-arm-none-eabi-10.3-2021.10/bin/../lib/gcc/arm-none-eabi/10.3.1/../../../../arm-none-eabi/lib/thumb/v7e-m+fp/hard/libc.a
END GROUP
START GROUP
LOAD /home/dmarples/bin/gcc-arm-none-eabi-10.3-2021.10/bin/../lib/gcc/arm-none-eabi/10.3.1/thumb/v7e-m+fp/hard/libgcc.a
LOAD /home/dmarples/bin/gcc-arm-none-eabi-10.3-2021.10/bin/../lib/gcc/arm-none-eabi/10.3.1/../../../../arm-none-eabi/lib/thumb/v7e-m+fp/hard/libc.a
LOAD /home/dmarples/bin/gcc-arm-none-eabi-10.3-2021.10/bin/../lib/gcc/arm-none-eabi/10.3.1/../../../../arm-none-eabi/lib/thumb/v7e-m+fp/hard/libnosys.a
END GROUP
LOAD /home/dmarples/bin/gcc-arm-none-eabi-10.3-2021.10/bin/../lib/gcc/arm-none-eabi/10.3.1/thumb/v7e-m+fp/hard/crtend.o
LOAD /home/dmarples/bin/gcc-arm-none-eabi-10.3-2021.10/bin/../lib/gcc/arm-none-eabi/10.3.1/thumb/v7e-m+fp/hard/crtn.o

.text           0x0000000008000000      0x5a4
 *(SORT_BY_ALIGNMENT(.isr_vector))
 .isr_vector    0x0000000008000000       0x44 ofiles/system/startup_ARMCM4.o
                0x0000000008000000                __isr_vector
 *(SORT_BY_ALIGNMENT(.text*))
 .text          0x0000000008000044       0x40 /home/dmarples/bin/gcc-arm-none-eabi-10.3-2021.10/bin/../lib/gcc/arm-none-eabi/10.3.1/thumb/v7e-m+fp/hard/crtbegin.o
 .text          0x0000000008000084       0x7c /home/dmarples/bin/gcc-arm-none-eabi-10.3-2021.10/bin/../lib/gcc/arm-none-eabi/10.3.1/../../../../arm-none-eabi/lib/thumb/v7e-m+fp/hard/crt0.o
                0x0000000008000084                _stack_init
                0x000000000800008c                _mainCRTStartup
                0x000000000800008c                _start
 .text._sieve   0x0000000008000100       0x58 ofiles/./src/main.o
 .text.main     0x0000000008000158       0x34 ofiles/./src/main.o
                0x0000000008000158                main
 .text          0x000000000800018c       0x44 ofiles/system/startup_ARMCM4.o
                0x000000000800018c                Reset_Handler
                0x00000000080001cc                DebugMon_Handler
                0x00000000080001cc                HardFault_Handler
                0x00000000080001cc                SysTick_Handler
                0x00000000080001cc                PendSV_Handler
                0x00000000080001cc                NMI_Handler
                0x00000000080001cc                UsageFault_Handler
                0x00000000080001cc                Default_Handler
                0x00000000080001cc                MemManage_Handler
                0x00000000080001cc                SVC_Handler
                0x00000000080001cc                DEF_IRQHandler
                0x00000000080001cc                BusFault_Handler
 .text.exit     0x00000000080001d0       0x20 /home/dmarples/bin/gcc-arm-none-eabi-10.3-2021.10/bin/../lib/gcc/arm-none-eabi/10.3.1/../../../../arm-none-eabi/lib/thumb/v7e-m+fp/hard/libc.a(lib_a-exit.o)
                0x00000000080001d0                exit
 .text.__libc_init_array
                0x00000000080001f0       0x48 /home/dmarples/bin/gcc-arm-none-eabi-10.3-2021.10/bin/../lib/gcc/arm-none-eabi/10.3.1/../../../../arm-none-eabi/lib/thumb/v7e-m+fp/hard/libc.a(lib_a-init.o)
                0x00000000080001f0                __libc_init_array
 .text.memset   0x0000000008000238       0xa4 /home/dmarples/bin/gcc-arm-none-eabi-10.3-2021.10/bin/../lib/gcc/arm-none-eabi/10.3.1/../../../../arm-none-eabi/lib/thumb/v7e-m+fp/hard/libc.a(lib_a-memset.o)
                0x0000000008000238                memset
 .text.startup.register_fini
                0x00000000080002dc       0x14 /home/dmarples/bin/gcc-arm-none-eabi-10.3-2021.10/bin/../lib/gcc/arm-none-eabi/10.3.1/../../../../arm-none-eabi/lib/thumb/v7e-m+fp/hard/libc.a(lib_a-__call_atexit.o)
 .text.__call_exitprocs
                0x00000000080002f0       0xcc /home/dmarples/bin/gcc-arm-none-eabi-10.3-2021.10/bin/../lib/gcc/arm-none-eabi/10.3.1/../../../../arm-none-eabi/lib/thumb/v7e-m+fp/hard/libc.a(lib_a-__call_atexit.o)
                0x00000000080002f0                __call_exitprocs
 .text.atexit   0x00000000080003bc        0xc /home/dmarples/bin/gcc-arm-none-eabi-10.3-2021.10/bin/../lib/gcc/arm-none-eabi/10.3.1/../../../../arm-none-eabi/lib/thumb/v7e-m+fp/hard/libc.a(lib_a-atexit.o)
                0x00000000080003bc                atexit
 .text.__libc_fini_array
                0x00000000080003c8       0x2c /home/dmarples/bin/gcc-arm-none-eabi-10.3-2021.10/bin/../lib/gcc/arm-none-eabi/10.3.1/../../../../arm-none-eabi/lib/thumb/v7e-m+fp/hard/libc.a(lib_a-fini.o)
                0x00000000080003c8                __libc_fini_array
 .text.__retarget_lock_acquire_recursive
                0x00000000080003f4        0x4 /home/dmarples/bin/gcc-arm-none-eabi-10.3-2021.10/bin/../lib/gcc/arm-none-eabi/10.3.1/../../../../arm-none-eabi/lib/thumb/v7e-m+fp/hard/libc.a(lib_a-lock.o)
                0x00000000080003f4                __retarget_lock_acquire_recursive
 .text.__retarget_lock_release_recursive
                0x00000000080003f8        0x4 /home/dmarples/bin/gcc-arm-none-eabi-10.3-2021.10/bin/../lib/gcc/arm-none-eabi/10.3.1/../../../../arm-none-eabi/lib/thumb/v7e-m+fp/hard/libc.a(lib_a-lock.o)
                0x00000000080003f8                __retarget_lock_release_recursive
 .text.__register_exitproc
                0x00000000080003fc       0x8c /home/dmarples/bin/gcc-arm-none-eabi-10.3-2021.10/bin/../lib/gcc/arm-none-eabi/10.3.1/../../../../arm-none-eabi/lib/thumb/v7e-m+fp/hard/libc.a(lib_a-__atexit.o)
                0x00000000080003fc                __register_exitproc
 .text._exit    0x0000000008000488        0x4 /home/dmarples/bin/gcc-arm-none-eabi-10.3-2021.10/bin/../lib/gcc/arm-none-eabi/10.3.1/../../../../arm-none-eabi/lib/thumb/v7e-m+fp/hard/libnosys.a(_exit.o)
                0x0000000008000488                _exit
 .text.ITM_Enable
                0x000000000800048c       0x12 ofiles/./src/itm_messages.o
                0x000000000800048c                ITM_Enable
 .text.ITM_ChannelEnable
                0x000000000800049e       0x14 ofiles/./src/itm_messages.o
                0x000000000800049e                ITM_ChannelEnable
 .text.ITM_ChannelEnabled
                0x00000000080004b2       0x16 ofiles/./src/itm_messages.o
                0x00000000080004b2                ITM_ChannelEnabled
 .text.ITM_SendString
                0x00000000080004c8       0x5c ofiles/./src/itm_messages.o
                0x00000000080004c8                ITM_SendString
 .text.ITM_Send8
                0x0000000008000524       0x42 ofiles/./src/itm_messages.o
                0x0000000008000524                ITM_Send8
 .text.SystemInit
                0x0000000008000566        0x2 ofiles/./src/main.o
                0x0000000008000566                SystemInit
 *(.init)
 .init          0x0000000008000568        0x4 /home/dmarples/bin/gcc-arm-none-eabi-10.3-2021.10/bin/../lib/gcc/arm-none-eabi/10.3.1/thumb/v7e-m+fp/hard/crti.o
                0x0000000008000568                _init
 .init          0x000000000800056c        0x8 /home/dmarples/bin/gcc-arm-none-eabi-10.3-2021.10/bin/../lib/gcc/arm-none-eabi/10.3.1/thumb/v7e-m+fp/hard/crtn.o
 *(.fini)
 .fini          0x0000000008000574        0x4 /home/dmarples/bin/gcc-arm-none-eabi-10.3-2021.10/bin/../lib/gcc/arm-none-eabi/10.3.1/thumb/v7e-m+fp/hard/crti.o
                0x0000000008000574                _fini
 .fini          0x0000000008000578        0x8 /home/dmarples/bin/gcc-arm-none-eabi-10.3-2021.10/bin/../lib/gcc/arm-none-eabi/10.3.1/thumb/v7e-m+fp/hard/crtn.o
 *crtbegin.o(SORT_BY_ALIGNMENT(.ctors))
 *crtbegin?.o(SORT_BY_ALIGNMENT(.ctors))
 *(SORT_BY_ALIGNMENT(EXCLUDE_FILE(*crtend.o *crtend?.o) .ctors))
 *(SORT_BY_NAME(SORT_BY_ALIGNMENT(.ctors.*)))
 *(SORT_BY_ALIGNMENT(.ctors))
 *crtbegin.o(SORT_BY_ALIGNMENT(.dtors))
 *crtbegin?.o(SORT_BY_ALIGNMENT(.dtors))
 *(SORT_BY_ALIGNMENT(EXCLUDE_FILE(*crtend.o *crtend?.o) .dtors))
 *(SORT_BY_NAME(SORT_BY_ALIGNMENT(.dtors.*)))
 *(SORT_BY_ALIGNMENT(.dtors))
 *(SORT_BY_ALIGNMENT(.rodata*))
 .rodata.main.str1.4
                0x0000000008000580       0x1a ofiles/./src/main.o
 *fill*         0x000000000800059a        0x2 
 .rodata._global_impure_ptr
                0x000000000800059c        0x4 /home/dmarples/bin/gcc-arm-none-eabi-10.3-2021.10/bin/../lib/gcc/arm-none-eabi/10.3.1/../../../../arm-none-eabi/lib/thumb/v7e-m+fp/hard/libc.a(lib_a-impure.o)
                0x000000000800059c                _global_impure_ptr
 *(SORT_BY_ALIGNMENT(.eh_frame*))
 .eh_frame      0x00000000080005a0        0x0 /home/dmarples/bin/gcc-arm-none-eabi-10.3-2021.10/bin/../lib/gcc/arm-none-eabi/10.3.1/thumb/v7e-m+fp/hard/crtbegin.o
 .eh_frame      0x00000000080005a0        0x4 /home/dmarples/bin/gcc-arm-none-eabi-10.3-2021.10/bin/../lib/gcc/arm-none-eabi/10.3.1/thumb/v7e-m+fp/hard/crtend.o

.glue_7         0x00000000080005a4        0x0
 .glue_7        0x00000000080005a4        0x0 linker stubs

.glue_7t        0x00000000080005a4        0x0
 .glue_7t       0x00000000080005a4        0x0 linker stubs

.vfp11_veneer   0x00000000080005a4        0x0
 .vfp11_veneer  0x00000000080005a4        0x0 linker stubs

.v4_bx          0x00000000080005a4        0x0
 .v4_bx         0x00000000080005a4        0x0 linker stubs

.iplt           0x00000000080005a4        0x0
 .iplt          0x00000000080005a4        0x0 /home/dmarples/bin/gcc-arm-none-eabi-10.3-2021.10/bin/../lib/gcc/arm-none-eabi/10.3.1/thumb/v7e-m+fp/hard/crtbegin.o

.ARM.extab
 *(SORT_BY_ALIGNMENT(.ARM.extab*) SORT_BY_ALIGNMENT(.gnu.linkonce.armextab.*))
                0x00000000080005a4                __exidx_start = .

.ARM.exidx      0x00000000080005a4        0x8
 *(SORT_BY_ALIGNMENT(.ARM.exidx*) SORT_BY_ALIGNMENT(.gnu.linkonce.armexidx.*))
 .ARM.exidx     0x00000000080005a4        0x8 /home/dmarples/bin/gcc-arm-none-eabi-10.3-2021.10/bin/../lib/gcc/arm-none-eabi/10.3.1/../../../../arm-none-eabi/lib/thumb/v7e-m+fp/hard/crt0.o
                                         0x10 (size before relaxing)
                0x00000000080005ac                __exidx_end = .
                0x00000000080005ac                __etext = ALIGN (0x4)

.rel.dyn        0x00000000080005ac        0x0
 .rel.iplt      0x00000000080005ac        0x0 /home/dmarples/bin/gcc-arm-none-eabi-10.3-2021.10/bin/../lib/gcc/arm-none-eabi/10.3.1/thumb/v7e-m+fp/hard/crtbegin.o

.data           0x0000000020000000      0x438 load address 0x00000000080005ac
                0x0000000020000000                __data_start__ = .
 *(SORT_BY_ALIGNMENT(vtable))
 *(SORT_BY_ALIGNMENT(.data*))
 .data.impure_data
                0x0000000020000000      0x428 /home/dmarples/bin/gcc-arm-none-eabi-10.3-2021.10/bin/../lib/gcc/arm-none-eabi/10.3.1/../../../../arm-none-eabi/lib/thumb/v7e-m+fp/hard/libc.a(lib_a-impure.o)
 .data.__atexit_recursive_mutex
                0x0000000020000428        0x4 /home/dmarples/bin/gcc-arm-none-eabi-10.3-2021.10/bin/../lib/gcc/arm-none-eabi/10.3.1/../../../../arm-none-eabi/lib/thumb/v7e-m+fp/hard/libc.a(lib_a-__call_atexit.o)
                0x0000000020000428                __atexit_recursive_mutex
                0x000000002000042c                . = ALIGN (0x4)
                0x000000002000042c                PROVIDE (__preinit_array_start = .)
 *(SORT_BY_ALIGNMENT(.preinit_array))
                0x000000002000042c                PROVIDE (__preinit_array_end = .)
                0x000000002000042c                . = ALIGN (0x4)
                0x000000002000042c                PROVIDE (__init_array_start = .)
 *(SORT_BY_NAME(SORT_BY_ALIGNMENT(.init_array.*)))
 .init_array.00000
                0x000000002000042c        0x4 /home/dmarples/bin/gcc-arm-none-eabi-10.3-2021.10/bin/../lib/gcc/arm-none-eabi/10.3.1/../../../../arm-none-eabi/lib/thumb/v7e-m+fp/hard/libc.a(lib_a-__call_atexit.o)
 *(SORT_BY_ALIGNMENT(.init_array))
 .init_array    0x0000000020000430        0x4 /home/dmarples/bin/gcc-arm-none-eabi-10.3-2021.10/bin/../lib/gcc/arm-none-eabi/10.3.1/thumb/v7e-m+fp/hard/crtbegin.o
                0x0000000020000434                PROVIDE (__init_array_end = .)
                0x0000000020000434                . = ALIGN (0x4)
                0x0000000020000434                PROVIDE (__fini_array_start = .)
 *(SORT_BY_NAME(SORT_BY_ALIGNMENT(.fini_array.*)))
 *(SORT_BY_ALIGNMENT(.fini_array))
 .fini_array    0x0000000020000434        0x4 /home/dmarples/bin/gcc-arm-none-eabi-10.3-2021.10/bin/../lib/gcc/arm-none-eabi/10.3.1/thumb/v7e-m+fp/hard/crtbegin.o
                0x0000000020000438                PROVIDE (__fini_array_end = .)
 *(SORT_BY_ALIGNMENT(.jcr*))
                0x0000000020000438                . = ALIGN (0x4)
                0x0000000020000438                __data_end__ = .

.igot.plt       0x0000000020000438        0x0 load address 0x00000000080009e4
 .igot.plt      0x0000000020000438        0x0 /home/dmarples/bin/gcc-arm-none-eabi-10.3-2021.10/bin/../lib/gcc/arm-none-eabi/10.3.1/thumb/v7e-m+fp/hard/crtbegin.o

.bss            0x0000000020000438     0x2734 load address 0x00000000080009e4
                0x0000000020000438                . = ALIGN (0x4)
                0x0000000020000438                __bss_start__ = .
 *(SORT_BY_ALIGNMENT(.bss*))
 .bss           0x0000000020000438       0x1c /home/dmarples/bin/gcc-arm-none-eabi-10.3-2021.10/bin/../lib/gcc/arm-none-eabi/10.3.1/thumb/v7e-m+fp/hard/crtbegin.o
 .bss.notprime  0x0000000020000454     0x2711 ofiles/./src/main.o
                0x0000000020000454                notprime
 *fill*         0x0000000020002b65        0x3 
 .bss.__lock___atexit_recursive_mutex
                0x0000000020002b68        0x1 /home/dmarples/bin/gcc-arm-none-eabi-10.3-2021.10/bin/../lib/gcc/arm-none-eabi/10.3.1/../../../../arm-none-eabi/lib/thumb/v7e-m+fp/hard/libc.a(lib_a-lock.o)
                0x0000000020002b68                __lock___atexit_recursive_mutex
 *(SORT_BY_ALIGNMENT(COMMON))
                0x0000000020002b6c                . = ALIGN (0x4)
 *fill*         0x0000000020002b69        0x3 
                0x0000000020002b6c                __bss_end__ = .

.heap           0x0000000020002b70        0x0
                0x0000000020002b70                __end__ = .
                [!provide]                        PROVIDE (end = .)
 *(SORT_BY_ALIGNMENT(.heap*))
 .heap          0x0000000020002b70        0x0 ofiles/system/startup_ARMCM4.o
                0x0000000020002b70                __HeapLimit = .

.stack_dummy    0x0000000020002b70      0xc00
 *(SORT_BY_ALIGNMENT(.stack*))
 .stack         0x0000000020002b70      0xc00 ofiles/system/startup_ARMCM4.o
                0x0000000020020000                __StackTop = (ORIGIN (RAM) + LENGTH (RAM))
                0x000000002001f400                __StackLimit = (__StackTop - SIZEOF (.stack_dummy))
                0x0000000020020000                PROVIDE (__stack = __StackTop)
                0x0000000000000001                ASSERT ((__StackLimit >= __HeapLimit), region RAM overflowed with stack)
OUTPUT(ofiles/simple.elf elf32-littlearm)
LOAD linker stubs

.ARM.attributes
                0x0000000000000000       0x30
 .ARM.attributes
                0x0000000000000000       0x1e /home/dmarples/bin/gcc-arm-none-eabi-10.3-2021.10/bin/../lib/gcc/arm-none-eabi/10.3.1/thumb/v7e-m+fp/hard/crti.o
 .ARM.attributes
                0x000000000000001e       0x34 /home/dmarples/bin/gcc-arm-none-eabi-10.3-2021.10/bin/../lib/gcc/arm-none-eabi/10.3.1/thumb/v7e-m+fp/hard/crtbegin.o
 .ARM.attributes
                0x0000000000000052       0x1c /home/dmarples/bin/gcc-arm-none-eabi-10.3-2021.10/bin/../lib/gcc/arm-none-eabi/10.3.1/../../../../arm-none-eabi/lib/thumb/v7e-m+fp/hard/crt0.o
 .ARM.attributes
                0x000000000000006e       0x34 ofiles/./src/itm_messages.o
 .ARM.attributes
                0x00000000000000a2       0x34 ofiles/./src/main.o
 .ARM.attributes
                0x00000000000000d6       0x20 ofiles/system/startup_ARMCM4.o
 .ARM.attributes
                0x00000000000000f6       0x34 /home/dmarples/bin/gcc-arm-none-eabi-10.3-2021.10/bin/../lib/gcc/arm-none-eabi/10.3.1/../../../../arm-none-eabi/lib/thumb/v7e-m+fp/hard/libc.a(lib_a-exit.o)
 .ARM.attributes
                0x000000000000012a       0x34 /home/dmarples/bin/gcc-arm-none-eabi-10.3-2021.10/bin/../lib/gcc/arm-none-eabi/10.3.1/../../../../arm-none-eabi/lib/thumb/v7e-m+fp/hard/libc.a(lib_a-impure.o)
 .ARM.attributes
                0x000000000000015e       0x34 /home/dmarples/bin/gcc-arm-none-eabi-10.3-2021.10/bin/../lib/gcc/arm-none-eabi/10.3.1/../../../../arm-none-eabi/lib/thumb/v7e-m+fp/hard/libc.a(lib_a-init.o)
 .ARM.attributes
                0x0000000000000192       0x34 /home/dmarples/bin/gcc-arm-none-eabi-10.3-2021.10/bin/../lib/gcc/arm-none-eabi/10.3.1/../../../../arm-none-eabi/lib/thumb/v7e-m+fp/hard/libc.a(lib_a-memset.o)
 .ARM.attributes
                0x00000000000001c6       0x34 /home/dmarples/bin/gcc-arm-none-eabi-10.3-2021.10/bin/../lib/gcc/arm-none-eabi/10.3.1/../../../../arm-none-eabi/lib/thumb/v7e-m+fp/hard/libc.a(lib_a-__call_atexit.o)
 .ARM.attributes
                0x00000000000001fa       0x34 /home/dmarples/bin/gcc-arm-none-eabi-10.3-2021.10/bin/../lib/gcc/arm-none-eabi/10.3.1/../../../../arm-none-eabi/lib/thumb/v7e-m+fp/hard/libc.a(lib_a-atexit.o)
 .ARM.attributes
                0x000000000000022e       0x34 /home/dmarples/bin/gcc-arm-none-eabi-10.3-2021.10/bin/../lib/gcc/arm-none-eabi/10.3.1/../../../../arm-none-eabi/lib/thumb/v7e-m+fp/hard/libc.a(lib_a-fini.o)
 .ARM.attributes
                0x0000000000000262       0x34 /home/dmarples/bin/gcc-arm-none-eabi-10.3-2021.10/bin/../lib/gcc/arm-none-eabi/10.3.1/../../../../arm-none-eabi/lib/thumb/v7e-m+fp/hard/libc.a(lib_a-lock.o)
 .ARM.attributes
                0x0000000000000296       0x34 /home/dmarples/bin/gcc-arm-none-eabi-10.3-2021.10/bin/../lib/gcc/arm-none-eabi/10.3.1/../../../../arm-none-eabi/lib/thumb/v7e-m+fp/hard/libc.a(lib_a-__atexit.o)
 .ARM.attributes
                0x00000000000002ca       0x34 /home/dmarples/bin/gcc-arm-none-eabi-10.3-2021.10/bin/../lib/gcc/arm-none-eabi/10.3.1/../../../../arm-none-eabi/lib/thumb/v7e-m+fp/hard/libnosys.a(_exit.o)
 .ARM.attributes
                0x00000000000002fe       0x34 /home/dmarples/bin/gcc-arm-none-eabi-10.3-2021.10/bin/../lib/gcc/arm-none-eabi/10.3.1/thumb/v7e-m+fp/hard/crtend.o
 .ARM.attributes
                0x0000000000000332       0x1e /home/dmarples/bin/gcc-arm-none-eabi-10.3-2021.10/bin/../lib/gcc/arm-none-eabi/10.3.1/thumb/v7e-m+fp/hard/crtn.o

.comment        0x0000000000000000       0x49
 .comment       0x0000000000000000       0x49 ofiles/./src/itm_messages.o
                                         0x4a (size before relaxing)
 .comment       0x0000000000000049       0x4a ofiles/./src/main.o

.debug_info     0x0000000000000000      0x57d
 .debug_info    0x0000000000000000      0x398 ofiles/./src/itm_messages.o
 .debug_info    0x0000000000000398      0x1bf ofiles/./src/main.o
 .debug_info    0x0000000000000557       0x26 ofiles/system/startup_ARMCM4.o

.debug_abbrev   0x0000000000000000      0x273
 .debug_abbrev  0x0000000000000000      0x155 ofiles/./src/itm_messages.o
 .debug_abbrev  0x0000000000000155      0x10a ofiles/./src/main.o
 .debug_abbrev  0x000000000000025f       0x14 ofiles/system/startup_ARMCM4.o

.debug_loclists
                0x0000000000000000      0x2b3
 .debug_loclists
                0x0000000000000000      0x25f ofiles/./src/itm_messages.o
 .debug_loclists
                0x000000000000025f       0x54 ofiles/./src/main.o

.debug_aranges  0x0000000000000000       0xb0
 .debug_aranges
                0x0000000000000000       0x60 ofiles/./src/itm_messages.o
 .debug_aranges
                0x0000000000000060       0x30 ofiles/./src/main.o
 .debug_aranges
                0x0000000000000090       0x20 ofiles/system/startup_ARMCM4.o

.debug_rnglists
                0x0000000000000000       0x9e
 .debug_rnglists
                0x0000000000000000       0x67 ofiles/./src/itm_messages.o
 .debug_rnglists
                0x0000000000000067       0x37 ofiles/./src/main.o

.debug_macro    0x0000000000000000     0x1e7a
 .debug_macro   0x0000000000000000       0x61 ofiles/./src/itm_messages.o
 .debug_macro   0x0000000000000061      0xa72 ofiles/./src/itm_messages.o
 .debug_macro   0x0000000000000ad3       0x22 ofiles/./src/itm_messages.o
 .debug_macro   0x0000000000000af5      0x34e ofiles/./src/itm_messages.o
 .debug_macro   0x0000000000000e43      0x1ff ofiles/./src/main.o
 .debug_macro   0x0000000000001042       0x22 ofiles/./src/main.o
 .debug_macro   0x0000000000001064       0x5e ofiles/./src/main.o
 .debug_macro   0x00000000000010c2       0x1e ofiles/./src/main.o
 .debug_macro   0x00000000000010e0       0x94 ofiles/./src/main.o
 .debug_macro   0x0000000000001174       0x35 ofiles/./src/main.o
 .debug_macro   0x00000000000011a9       0x34 ofiles/./src/main.o
 .debug_macro   0x00000000000011dd       0x16 ofiles/./src/main.o
 .debug_macro   0x00000000000011f3       0x57 ofiles/./src/main.o
 .debug_macro   0x000000000000124a       0x97 ofiles/./src/main.o
 .debug_macro   0x00000000000012e1      0x35d ofiles/./src/main.o
 .debug_macro   0x000000000000163e       0xf6 ofiles/./src/main.o
 .debug_macro   0x0000000000001734       0x10 ofiles/./src/main.o
 .debug_macro   0x0000000000001744       0x16 ofiles/./src/main.o
 .debug_macro   0x000000000000175a       0x43 ofiles/./src/main.o
 .debug_macro   0x000000000000179d       0x34 ofiles/./src/main.o
 .debug_macro   0x00000000000017d1       0x10 ofiles/./src/main.o
 .debug_macro   0x00000000000017e1       0x58 ofiles/./src/main.o
 .debug_macro   0x0000000000001839      0x182 ofiles/./src/main.o
 .debug_macro   0x00000000000019bb       0x10 ofiles/./src/main.o
 .debug_macro   0x00000000000019cb       0x6a ofiles/./src/main.o
 .debug_macro   0x0000000000001a35       0x1c ofiles/./src/main.o
 .debug_macro   0x0000000000001a51       0x52 ofiles/./src/main.o
 .debug_macro   0x0000000000001aa3       0x22 ofiles/./src/main.o
 .debug_macro   0x0000000000001ac5       0x10 ofiles/./src/main.o
 .debug_macro   0x0000000000001ad5       0x52 ofiles/./src/main.o
 .debug_macro   0x0000000000001b27       0xd5 ofiles/./src/main.o
 .debug_macro   0x0000000000001bfc       0x1c ofiles/./src/main.o
 .debug_macro   0x0000000000001c18       0x3d ofiles/./src/main.o
 .debug_macro   0x0000000000001c55       0x16 ofiles/./src/main.o
 .debug_macro   0x0000000000001c6b      0x16f ofiles/./src/main.o
 .debug_macro   0x0000000000001dda       0x16 ofiles/./src/main.o
 .debug_macro   0x0000000000001df0       0x35 ofiles/./src/main.o
 .debug_macro   0x0000000000001e25       0x16 ofiles/./src/main.o
 .debug_macro   0x0000000000001e3b       0x29 ofiles/./src/main.o
 .debug_macro   0x0000000000001e64       0x16 ofiles/./src/main.o

.debug_line     0x0000000000000000      0x7f1
 .debug_line    0x0000000000000000      0x32e ofiles/./src/itm_messages.o
 .debug_line    0x000000000000032e      0x45c ofiles/./src/main.o
 .debug_line    0x000000000000078a       0x67 ofiles/system/startup_ARMCM4.o

.debug_str      0x0000000000000000     0x79a7
 .debug_str     0x0000000000000000     0x386a ofiles/./src/itm_messages.o
                                       0x39d8 (size before relaxing)
 .debug_str     0x000000000000386a     0x4117 ofiles/./src/main.o
                                       0x7a27 (size before relaxing)
 .debug_str     0x0000000000007981       0x26 ofiles/system/startup_ARMCM4.o
                                         0x5b (size before relaxing)

.debug_frame    0x0000000000000000      0x35c
 .debug_frame   0x0000000000000000       0xd4 ofiles/./src/itm_messages.o
 .debug_frame   0x00000000000000d4       0x48 ofiles/./src/main.o
 .debug_frame   0x000000000000011c       0x28 /home/dmarples/bin/gcc-arm-none-eabi-10.3-2021.10/bin/../lib/gcc/arm-none-eabi/10.3.1/../../../../arm-none-eabi/lib/thumb/v7e-m+fp/hard/libc.a(lib_a-exit.o)
 .debug_frame   0x0000000000000144       0x2c /home/dmarples/bin/gcc-arm-none-eabi-10.3-2021.10/bin/../lib/gcc/arm-none-eabi/10.3.1/../../../../arm-none-eabi/lib/thumb/v7e-m+fp/hard/libc.a(lib_a-init.o)
 .debug_frame   0x0000000000000170       0x2c /home/dmarples/bin/gcc-arm-none-eabi-10.3-2021.10/bin/../lib/gcc/arm-none-eabi/10.3.1/../../../../arm-none-eabi/lib/thumb/v7e-m+fp/hard/libc.a(lib_a-memset.o)
 .debug_frame   0x000000000000019c       0x68 /home/dmarples/bin/gcc-arm-none-eabi-10.3-2021.10/bin/../lib/gcc/arm-none-eabi/10.3.1/../../../../arm-none-eabi/lib/thumb/v7e-m+fp/hard/libc.a(lib_a-__call_atexit.o)
 .debug_frame   0x0000000000000204       0x20 /home/dmarples/bin/gcc-arm-none-eabi-10.3-2021.10/bin/../lib/gcc/arm-none-eabi/10.3.1/../../../../arm-none-eabi/lib/thumb/v7e-m+fp/hard/libc.a(lib_a-atexit.o)
 .debug_frame   0x0000000000000224       0x34 /home/dmarples/bin/gcc-arm-none-eabi-10.3-2021.10/bin/../lib/gcc/arm-none-eabi/10.3.1/../../../../arm-none-eabi/lib/thumb/v7e-m+fp/hard/libc.a(lib_a-fini.o)
 .debug_frame   0x0000000000000258       0xb0 /home/dmarples/bin/gcc-arm-none-eabi-10.3-2021.10/bin/../lib/gcc/arm-none-eabi/10.3.1/../../../../arm-none-eabi/lib/thumb/v7e-m+fp/hard/libc.a(lib_a-lock.o)
 .debug_frame   0x0000000000000308       0x34 /home/dmarples/bin/gcc-arm-none-eabi-10.3-2021.10/bin/../lib/gcc/arm-none-eabi/10.3.1/../../../../arm-none-eabi/lib/thumb/v7e-m+fp/hard/libc.a(lib_a-__atexit.o)
 .debug_frame   0x000000000000033c       0x20 /home/dmarples/bin/gcc-arm-none-eabi-10.3-2021.10/bin/../lib/gcc/arm-none-eabi/10.3.1/../../../../arm-none-eabi/lib/thumb/v7e-m+fp/hard/libnosys.a(_exit.o)

Cross Reference Table

Symbol                                            File
BusFault_Handler                                  ofiles/system/startup_ARMCM4.o
DEF_IRQHandler                                    ofiles/system/startup_ARMCM4.o
DebugMon_Handler                                  ofiles/system/startup_ARMCM4.o
Default_Handler                                   ofiles/system/startup_ARMCM4.o
HardFault_Handler                                 ofiles/system/startup_ARMCM4.o
ITM_ChannelDisable                                ofiles/./src/itm_messages.o
ITM_ChannelEnable                                 ofiles/./src/itm_messages.o
                                                  ofiles/./src/main.o
ITM_ChannelEnabled                                ofiles/./src/itm_messages.o
ITM_Disable                                       ofiles/./src/itm_messages.o
ITM_Enable                                        ofiles/./src/itm_messages.o
                                                  ofiles/./src/main.o
ITM_Send16                                        ofiles/./src/itm_messages.o
ITM_Send32                                        ofiles/./src/itm_messages.o
ITM_Send8                                         ofiles/./src/itm_messages.o
                                                  ofiles/./src/main.o
ITM_SendString                                    ofiles/./src/itm_messages.o
                                                  ofiles/./src/main.o
MemManage_Handler                                 ofiles/system/startup_ARMCM4.o
NMI_Handler                                       ofiles/system/startup_ARMCM4.o
PendSV_Handler                                    ofiles/system/startup_ARMCM4.o
Reset_Handler                                     ofiles/system/startup_ARMCM4.o
SVC_Handler                                       ofiles/system/startup_ARMCM4.o
SysTick_Handler                                   ofiles/system/startup_ARMCM4.o
SystemInit                                        ofiles/./src/main.o
                                                  ofiles/system/startup_ARMCM4.o
UsageFault_Handler                                ofiles/system/startup_ARMCM4.o
__HeapBase                                        ofiles/system/startup_ARMCM4.o
__HeapLimit                                       ofiles/system/startup_ARMCM4.o
__StackLimit                                      ofiles/system/startup_ARMCM4.o
__StackTop                                        ofiles/system/startup_ARMCM4.o
__atexit_recursive_mutex                          /home/dmarples/bin/gcc-arm-none-eabi-10.3-2021.10/bin/../lib/gcc/arm-none-eabi/10.3.1/../../../../arm-none-eabi/lib/thumb/v7e-m+fp/hard/libc.a(lib_a-__call_atexit.o)
                                                  /home/dmarples/bin/gcc-arm-none-eabi-10.3-2021.10/bin/../lib/gcc/arm-none-eabi/10.3.1/../../../../arm-none-eabi/lib/thumb/v7e-m+fp/hard/libc.a(lib_a-__atexit.o)
__bss_end__                                       ofiles/system/startup_ARMCM4.o
                                                  /home/dmarples/bin/gcc-arm-none-eabi-10.3-2021.10/bin/../lib/gcc/arm-none-eabi/10.3.1/../../../../arm-none-eabi/lib/thumb/v7e-m+fp/hard/crt0.o
__bss_start__                                     ofiles/system/startup_ARMCM4.o
                                                  /home/dmarples/bin/gcc-arm-none-eabi-10.3-2021.10/bin/../lib/gcc/arm-none-eabi/10.3.1/../../../../arm-none-eabi/lib/thumb/v7e-m+fp/hard/crt0.o
__call_exitprocs                                  /home/dmarples/bin/gcc-arm-none-eabi-10.3-2021.10/bin/../lib/gcc/arm-none-eabi/10.3.1/../../../../arm-none-eabi/lib/thumb/v7e-m+fp/hard/libc.a(lib_a-__call_atexit.o)
                                                  /home/dmarples/bin/gcc-arm-none-eabi-10.3-2021.10/bin/../lib/gcc/arm-none-eabi/10.3.1/../../../../arm-none-eabi/lib/thumb/v7e-m+fp/hard/libc.a(lib_a-exit.o)
__data_end__                                      ofiles/system/startup_ARMCM4.o
__data_start__                                    ofiles/system/startup_ARMCM4.o
__deregister_frame_info                           /home/dmarples/bin/gcc-arm-none-eabi-10.3-2021.10/bin/../lib/gcc/arm-none-eabi/10.3.1/thumb/v7e-m+fp/hard/crtbegin.o
__dso_handle                                      /home/dmarples/bin/gcc-arm-none-eabi-10.3-2021.10/bin/../lib/gcc/arm-none-eabi/10.3.1/thumb/v7e-m+fp/hard/crtbegin.o
__etext                                           ofiles/system/startup_ARMCM4.o
__fini_array_end                                  /home/dmarples/bin/gcc-arm-none-eabi-10.3-2021.10/bin/../lib/gcc/arm-none-eabi/10.3.1/../../../../arm-none-eabi/lib/thumb/v7e-m+fp/hard/libc.a(lib_a-fini.o)
__fini_array_start                                /home/dmarples/bin/gcc-arm-none-eabi-10.3-2021.10/bin/../lib/gcc/arm-none-eabi/10.3.1/../../../../arm-none-eabi/lib/thumb/v7e-m+fp/hard/libc.a(lib_a-fini.o)
__init_array_end                                  /home/dmarples/bin/gcc-arm-none-eabi-10.3-2021.10/bin/../lib/gcc/arm-none-eabi/10.3.1/../../../../arm-none-eabi/lib/thumb/v7e-m+fp/hard/libc.a(lib_a-init.o)
__init_array_start                                /home/dmarples/bin/gcc-arm-none-eabi-10.3-2021.10/bin/../lib/gcc/arm-none-eabi/10.3.1/../../../../arm-none-eabi/lib/thumb/v7e-m+fp/hard/libc.a(lib_a-init.o)
__isr_vector                                      ofiles/system/startup_ARMCM4.o
__libc_fini                                       /home/dmarples/bin/gcc-arm-none-eabi-10.3-2021.10/bin/../lib/gcc/arm-none-eabi/10.3.1/../../../../arm-none-eabi/lib/thumb/v7e-m+fp/hard/libc.a(lib_a-__call_atexit.o)
__libc_fini_array                                 /home/dmarples/bin/gcc-arm-none-eabi-10.3-2021.10/bin/../lib/gcc/arm-none-eabi/10.3.1/../../../../arm-none-eabi/lib/thumb/v7e-m+fp/hard/libc.a(lib_a-fini.o)
                                                  /home/dmarples/bin/gcc-arm-none-eabi-10.3-2021.10/bin/../lib/gcc/arm-none-eabi/10.3.1/../../../../arm-none-eabi/lib/thumb/v7e-m+fp/hard/libc.a(lib_a-__call_atexit.o)
                                                  /home/dmarples/bin/gcc-arm-none-eabi-10.3-2021.10/bin/../lib/gcc/arm-none-eabi/10.3.1/../../../../arm-none-eabi/lib/thumb/v7e-m+fp/hard/crt0.o
__libc_init_array                                 /home/dmarples/bin/gcc-arm-none-eabi-10.3-2021.10/bin/../lib/gcc/arm-none-eabi/10.3.1/../../../../arm-none-eabi/lib/thumb/v7e-m+fp/hard/libc.a(lib_a-init.o)
                                                  /home/dmarples/bin/gcc-arm-none-eabi-10.3-2021.10/bin/../lib/gcc/arm-none-eabi/10.3.1/../../../../arm-none-eabi/lib/thumb/v7e-m+fp/hard/crt0.o
__lock___arc4random_mutex                         /home/dmarples/bin/gcc-arm-none-eabi-10.3-2021.10/bin/../lib/gcc/arm-none-eabi/10.3.1/../../../../arm-none-eabi/lib/thumb/v7e-m+fp/hard/libc.a(lib_a-lock.o)
__lock___at_quick_exit_mutex                      /home/dmarples/bin/gcc-arm-none-eabi-10.3-2021.10/bin/../lib/gcc/arm-none-eabi/10.3.1/../../../../arm-none-eabi/lib/thumb/v7e-m+fp/hard/libc.a(lib_a-lock.o)
__lock___atexit_recursive_mutex                   /home/dmarples/bin/gcc-arm-none-eabi-10.3-2021.10/bin/../lib/gcc/arm-none-eabi/10.3.1/../../../../arm-none-eabi/lib/thumb/v7e-m+fp/hard/libc.a(lib_a-lock.o)
                                                  /home/dmarples/bin/gcc-arm-none-eabi-10.3-2021.10/bin/../lib/gcc/arm-none-eabi/10.3.1/../../../../arm-none-eabi/lib/thumb/v7e-m+fp/hard/libc.a(lib_a-__call_atexit.o)
__lock___dd_hash_mutex                            /home/dmarples/bin/gcc-arm-none-eabi-10.3-2021.10/bin/../lib/gcc/arm-none-eabi/10.3.1/../../../../arm-none-eabi/lib/thumb/v7e-m+fp/hard/libc.a(lib_a-lock.o)
__lock___env_recursive_mutex                      /home/dmarples/bin/gcc-arm-none-eabi-10.3-2021.10/bin/../lib/gcc/arm-none-eabi/10.3.1/../../../../arm-none-eabi/lib/thumb/v7e-m+fp/hard/libc.a(lib_a-lock.o)
__lock___malloc_recursive_mutex                   /home/dmarples/bin/gcc-arm-none-eabi-10.3-2021.10/bin/../lib/gcc/arm-none-eabi/10.3.1/../../../../arm-none-eabi/lib/thumb/v7e-m+fp/hard/libc.a(lib_a-lock.o)
__lock___sfp_recursive_mutex                      /home/dmarples/bin/gcc-arm-none-eabi-10.3-2021.10/bin/../lib/gcc/arm-none-eabi/10.3.1/../../../../arm-none-eabi/lib/thumb/v7e-m+fp/hard/libc.a(lib_a-lock.o)
__lock___sinit_recursive_mutex                    /home/dmarples/bin/gcc-arm-none-eabi-10.3-2021.10/bin/../lib/gcc/arm-none-eabi/10.3.1/../../../../arm-none-eabi/lib/thumb/v7e-m+fp/hard/libc.a(lib_a-lock.o)
__lock___tz_mutex                                 /home/dmarples/bin/gcc-arm-none-eabi-10.3-2021.10/bin/../lib/gcc/arm-none-eabi/10.3.1/../../../../arm-none-eabi/lib/thumb/v7e-m+fp/hard/libc.a(lib_a-lock.o)
__preinit_array_end                               /home/dmarples/bin/gcc-arm-none-eabi-10.3-2021.10/bin/../lib/gcc/arm-none-eabi/10.3.1/../../../../arm-none-eabi/lib/thumb/v7e-m+fp/hard/libc.a(lib_a-init.o)
__preinit_array_start                             /home/dmarples/bin/gcc-arm-none-eabi-10.3-2021.10/bin/../lib/gcc/arm-none-eabi/10.3.1/../../../../arm-none-eabi/lib/thumb/v7e-m+fp/hard/libc.a(lib_a-init.o)
__register_exitproc                               /home/dmarples/bin/gcc-arm-none-eabi-10.3-2021.10/bin/../lib/gcc/arm-none-eabi/10.3.1/../../../../arm-none-eabi/lib/thumb/v7e-m+fp/hard/libc.a(lib_a-__atexit.o)
                                                  /home/dmarples/bin/gcc-arm-none-eabi-10.3-2021.10/bin/../lib/gcc/arm-none-eabi/10.3.1/../../../../arm-none-eabi/lib/thumb/v7e-m+fp/hard/libc.a(lib_a-atexit.o)
__register_frame_info                             /home/dmarples/bin/gcc-arm-none-eabi-10.3-2021.10/bin/../lib/gcc/arm-none-eabi/10.3.1/thumb/v7e-m+fp/hard/crtbegin.o
__retarget_lock_acquire                           /home/dmarples/bin/gcc-arm-none-eabi-10.3-2021.10/bin/../lib/gcc/arm-none-eabi/10.3.1/../../../../arm-none-eabi/lib/thumb/v7e-m+fp/hard/libc.a(lib_a-lock.o)
__retarget_lock_acquire_recursive                 /home/dmarples/bin/gcc-arm-none-eabi-10.3-2021.10/bin/../lib/gcc/arm-none-eabi/10.3.1/../../../../arm-none-eabi/lib/thumb/v7e-m+fp/hard/libc.a(lib_a-lock.o)
                                                  /home/dmarples/bin/gcc-arm-none-eabi-10.3-2021.10/bin/../lib/gcc/arm-none-eabi/10.3.1/../../../../arm-none-eabi/lib/thumb/v7e-m+fp/hard/libc.a(lib_a-__atexit.o)
                                                  /home/dmarples/bin/gcc-arm-none-eabi-10.3-2021.10/bin/../lib/gcc/arm-none-eabi/10.3.1/../../../../arm-none-eabi/lib/thumb/v7e-m+fp/hard/libc.a(lib_a-__call_atexit.o)
__retarget_lock_close                             /home/dmarples/bin/gcc-arm-none-eabi-10.3-2021.10/bin/../lib/gcc/arm-none-eabi/10.3.1/../../../../arm-none-eabi/lib/thumb/v7e-m+fp/hard/libc.a(lib_a-lock.o)
__retarget_lock_close_recursive                   /home/dmarples/bin/gcc-arm-none-eabi-10.3-2021.10/bin/../lib/gcc/arm-none-eabi/10.3.1/../../../../arm-none-eabi/lib/thumb/v7e-m+fp/hard/libc.a(lib_a-lock.o)
__retarget_lock_init                              /home/dmarples/bin/gcc-arm-none-eabi-10.3-2021.10/bin/../lib/gcc/arm-none-eabi/10.3.1/../../../../arm-none-eabi/lib/thumb/v7e-m+fp/hard/libc.a(lib_a-lock.o)
__retarget_lock_init_recursive                    /home/dmarples/bin/gcc-arm-none-eabi-10.3-2021.10/bin/../lib/gcc/arm-none-eabi/10.3.1/../../../../arm-none-eabi/lib/thumb/v7e-m+fp/hard/libc.a(lib_a-lock.o)
__retarget_lock_release                           /home/dmarples/bin/gcc-arm-none-eabi-10.3-2021.10/bin/../lib/gcc/arm-none-eabi/10.3.1/../../../../arm-none-eabi/lib/thumb/v7e-m+fp/hard/libc.a(lib_a-lock.o)
__retarget_lock_release_recursive                 /home/dmarples/bin/gcc-arm-none-eabi-10.3-2021.10/bin/../lib/gcc/arm-none-eabi/10.3.1/../../../../arm-none-eabi/lib/thumb/v7e-m+fp/hard/libc.a(lib_a-lock.o)
                                                  /home/dmarples/bin/gcc-arm-none-eabi-10.3-2021.10/bin/../lib/gcc/arm-none-eabi/10.3.1/../../../../arm-none-eabi/lib/thumb/v7e-m+fp/hard/libc.a(lib_a-__atexit.o)
                                                  /home/dmarples/bin/gcc-arm-none-eabi-10.3-2021.10/bin/../lib/gcc/arm-none-eabi/10.3.1/../../../../arm-none-eabi/lib/thumb/v7e-m+fp/hard/libc.a(lib_a-__call_atexit.o)
__retarget_lock_try_acquire                       /home/dmarples/bin/gcc-arm-none-eabi-10.3-2021.10/bin/../lib/gcc/arm-none-eabi/10.3.1/../../../../arm-none-eabi/lib/thumb/v7e-m+fp/hard/libc.a(lib_a-lock.o)
__retarget_lock_try_acquire_recursive             /home/dmarples/bin/gcc-arm-none-eabi-10.3-2021.10/bin/../lib/gcc/arm-none-eabi/10.3.1/../../../../arm-none-eabi/lib/thumb/v7e-m+fp/hard/libc.a(lib_a-lock.o)
__stack                                           /home/dmarples/bin/gcc-arm-none-eabi-10.3-2021.10/bin/../lib/gcc/arm-none-eabi/10.3.1/../../../../arm-none-eabi/lib/thumb/v7e-m+fp/hard/crt0.o
_exit                                             /home/dmarples/bin/gcc-arm-none-eabi-10.3-2021.10/bin/../lib/gcc/arm-none-eabi/10.3.1/../../../../arm-none-eabi/lib/thumb/v7e-m+fp/hard/libnosys.a(_exit.o)
                                                  /home/dmarples/bin/gcc-arm-none-eabi-10.3-2021.10/bin/../lib/gcc/arm-none-eabi/10.3.1/../../../../arm-none-eabi/lib/thumb/v7e-m+fp/hard/libc.a(lib_a-exit.o)
_fini                                             /home/dmarples/bin/gcc-arm-none-eabi-10.3-2021.10/bin/../lib/gcc/arm-none-eabi/10.3.1/thumb/v7e-m+fp/hard/crti.o
                                                  /home/dmarples/bin/gcc-arm-none-eabi-10.3-2021.10/bin/../lib/gcc/arm-none-eabi/10.3.1/../../../../arm-none-eabi/lib/thumb/v7e-m+fp/hard/libc.a(lib_a-fini.o)
_global_impure_ptr                                /home/dmarples/bin/gcc-arm-none-eabi-10.3-2021.10/bin/../lib/gcc/arm-none-eabi/10.3.1/../../../../arm-none-eabi/lib/thumb/v7e-m+fp/hard/libc.a(lib_a-impure.o)
                                                  /home/dmarples/bin/gcc-arm-none-eabi-10.3-2021.10/bin/../lib/gcc/arm-none-eabi/10.3.1/../../../../arm-none-eabi/lib/thumb/v7e-m+fp/hard/libc.a(lib_a-__atexit.o)
                                                  /home/dmarples/bin/gcc-arm-none-eabi-10.3-2021.10/bin/../lib/gcc/arm-none-eabi/10.3.1/../../../../arm-none-eabi/lib/thumb/v7e-m+fp/hard/libc.a(lib_a-__call_atexit.o)
                                                  /home/dmarples/bin/gcc-arm-none-eabi-10.3-2021.10/bin/../lib/gcc/arm-none-eabi/10.3.1/../../../../arm-none-eabi/lib/thumb/v7e-m+fp/hard/libc.a(lib_a-exit.o)
_impure_ptr                                       /home/dmarples/bin/gcc-arm-none-eabi-10.3-2021.10/bin/../lib/gcc/arm-none-eabi/10.3.1/../../../../arm-none-eabi/lib/thumb/v7e-m+fp/hard/libc.a(lib_a-impure.o)
_init                                             /home/dmarples/bin/gcc-arm-none-eabi-10.3-2021.10/bin/../lib/gcc/arm-none-eabi/10.3.1/thumb/v7e-m+fp/hard/crti.o
                                                  /home/dmarples/bin/gcc-arm-none-eabi-10.3-2021.10/bin/../lib/gcc/arm-none-eabi/10.3.1/../../../../arm-none-eabi/lib/thumb/v7e-m+fp/hard/libc.a(lib_a-init.o)
_mainCRTStartup                                   /home/dmarples/bin/gcc-arm-none-eabi-10.3-2021.10/bin/../lib/gcc/arm-none-eabi/10.3.1/../../../../arm-none-eabi/lib/thumb/v7e-m+fp/hard/crt0.o
_stack_init                                       /home/dmarples/bin/gcc-arm-none-eabi-10.3-2021.10/bin/../lib/gcc/arm-none-eabi/10.3.1/../../../../arm-none-eabi/lib/thumb/v7e-m+fp/hard/crt0.o
_start                                            /home/dmarples/bin/gcc-arm-none-eabi-10.3-2021.10/bin/../lib/gcc/arm-none-eabi/10.3.1/../../../../arm-none-eabi/lib/thumb/v7e-m+fp/hard/crt0.o
                                                  ofiles/system/startup_ARMCM4.o
atexit                                            /home/dmarples/bin/gcc-arm-none-eabi-10.3-2021.10/bin/../lib/gcc/arm-none-eabi/10.3.1/../../../../arm-none-eabi/lib/thumb/v7e-m+fp/hard/libc.a(lib_a-atexit.o)
                                                  /home/dmarples/bin/gcc-arm-none-eabi-10.3-2021.10/bin/../lib/gcc/arm-none-eabi/10.3.1/../../../../arm-none-eabi/lib/thumb/v7e-m+fp/hard/libc.a(lib_a-__call_atexit.o)
                                                  /home/dmarples/bin/gcc-arm-none-eabi-10.3-2021.10/bin/../lib/gcc/arm-none-eabi/10.3.1/../../../../arm-none-eabi/lib/thumb/v7e-m+fp/hard/crt0.o
exit                                              /home/dmarples/bin/gcc-arm-none-eabi-10.3-2021.10/bin/../lib/gcc/arm-none-eabi/10.3.1/../../../../arm-none-eabi/lib/thumb/v7e-m+fp/hard/libc.a(lib_a-exit.o)
                                                  /home/dmarples/bin/gcc-arm-none-eabi-10.3-2021.10/bin/../lib/gcc/arm-none-eabi/10.3.1/../../../../arm-none-eabi/lib/thumb/v7e-m+fp/hard/crt0.o
hardware_init_hook                                /home/dmarples/bin/gcc-arm-none-eabi-10.3-2021.10/bin/../lib/gcc/arm-none-eabi/10.3.1/../../../../arm-none-eabi/lib/thumb/v7e-m+fp/hard/crt0.o
main                                              ofiles/./src/main.o
                                                  /home/dmarples/bin/gcc-arm-none-eabi-10.3-2021.10/bin/../lib/gcc/arm-none-eabi/10.3.1/../../../../arm-none-eabi/lib/thumb/v7e-m+fp/hard/crt0.o
memset                                            /home/dmarples/bin/gcc-arm-none-eabi-10.3-2021.10/bin/../lib/gcc/arm-none-eabi/10.3.1/../../../../arm-none-eabi/lib/thumb/v7e-m+fp/hard/libc.a(lib_a-memset.o)
                                                  /home/dmarples/bin/gcc-arm-none-eabi-10.3-2021.10/bin/../lib/gcc/arm-none-eabi/10.3.1/../../../../arm-none-eabi/lib/thumb/v7e-m+fp/hard/crt0.o
notprime                                          ofiles/./src/main.o
software_init_hook                                /home/dmarples/bin/gcc-arm-none-eabi-10.3-2021.10/bin/../lib/gcc/arm-none-eabi/10.3.1/../../../../arm-none-eabi/lib/thumb/v7e-m+fp/hard/crt0.o
